
Sometimes there is a difference.

Sometimes there is not.
